{
  "dataset": "cora",
  "protocol_train": "uniform",
  "protocol_eval": "heart",
  "model": "dcdlp",
  "ablation": "A14",
  "seed": 4,
  "config_hash": "338ee7f35b81",
  "git_commit": "untracked",
  "best_epoch": 3,
  "metrics": {
    "mrr": 0.7175765427687928,
    "hits10": 0.9715370018975332,
    "hits20": 1.0,
    "hits50": 1.0,
    "hits100": 1.0,
    "mean_positive_rank": 2.407969639468691,
    "auc": 0.9292450554317337,
    "ap": 0.5754899313650637,
    "groups": {
      "HH": {
        "mrr": 0.9723926380368099,
        "count": 163
      },
      "HL": {
        "mrr": 0.607213504088504,
        "count": 132
      },
      "LH": {
        "mrr": 0.8222329472329472,
        "count": 111
      },
      "LL": {
        "mrr": 0.3987008128645797,
        "count": 121
      }
    },
    "macro_mrr": 0.7001349755557102,
    "worst_group_mrr": 0.3987008128645797,
    "group_gap": 0.5736918251722302
  },
  "runtime": {
    "train_seconds": 595.1367888000095,
    "inference_seconds": 0.0,
    "peak_gpu_mb": 2751.90380859375
  },
  "checkpoint": "D:\\桌面\\研究生相关事项\\CodeWork\\DCDLP_work\\DCDLP\\results\\checkpoints\\cora_uniform_seed4_338ee7f35b81.pt",
  "predictions": "D:\\桌面\\研究生相关事项\\CodeWork\\DCDLP_work\\DCDLP\\results\\raw\\cora_uniform_seed4_338ee7f35b81_predictions.csv",
  "intervention_failures": {
    "NO_CANDIDATE": 348
  },
  "result_file": "D:\\桌面\\研究生相关事项\\CodeWork\\DCDLP_work\\DCDLP\\results\\raw\\cora_uniform_seed4_338ee7f35b81.json"
}
